c:\users\acer\onedrive\desktop\github\csopesy\process-scheduler\process-.c973aea0\x64\debug\vc143.pdb
c:\users\acer\onedrive\desktop\github\csopesy\process-scheduler\process-.c973aea0\x64\debug\vc143.idb
c:\users\acer\onedrive\desktop\github\csopesy\process-scheduler\process-.c973aea0\x64\debug\process.obj
c:\users\acer\onedrive\desktop\github\csopesy\process-scheduler\process-.c973aea0\x64\debug\marqueeconsole.obj
c:\users\acer\onedrive\desktop\github\csopesy\process-scheduler\process-.c973aea0\x64\debug\mainconsole.obj
c:\users\acer\onedrive\desktop\github\csopesy\process-scheduler\process-.c973aea0\x64\debug\main.obj
c:\users\acer\onedrive\desktop\github\csopesy\process-scheduler\process-.c973aea0\x64\debug\dummyprocesslayout.obj
c:\users\acer\onedrive\desktop\github\csopesy\process-scheduler\process-.c973aea0\x64\debug\consolemanager.obj
c:\users\acer\onedrive\desktop\github\csopesy\process-scheduler\process-.c973aea0\x64\debug\basescreen.obj
c:\users\acer\onedrive\desktop\github\csopesy\process-scheduler\process-.c973aea0\x64\debug\aconsole.obj
c:\users\acer\onedrive\desktop\github\csopesy\process-scheduler\x64\debug\process-scheduler.exe
c:\users\acer\onedrive\desktop\github\csopesy\process-scheduler\x64\debug\process-scheduler.pdb
c:\users\acer\onedrive\desktop\github\csopesy\process-scheduler\process-.c973aea0\x64\debug\process-scheduler.ilk
c:\users\acer\onedrive\desktop\github\csopesy\process-scheduler\process-.c973aea0\x64\debug\process-.c973aea0.tlog\cl.command.1.tlog
c:\users\acer\onedrive\desktop\github\csopesy\process-scheduler\process-.c973aea0\x64\debug\process-.c973aea0.tlog\cl.items.tlog
c:\users\acer\onedrive\desktop\github\csopesy\process-scheduler\process-.c973aea0\x64\debug\process-.c973aea0.tlog\cl.read.1.tlog
c:\users\acer\onedrive\desktop\github\csopesy\process-scheduler\process-.c973aea0\x64\debug\process-.c973aea0.tlog\cl.write.1.tlog
c:\users\acer\onedrive\desktop\github\csopesy\process-scheduler\process-.c973aea0\x64\debug\process-.c973aea0.tlog\link.command.1.tlog
c:\users\acer\onedrive\desktop\github\csopesy\process-scheduler\process-.c973aea0\x64\debug\process-.c973aea0.tlog\link.read.1.tlog
c:\users\acer\onedrive\desktop\github\csopesy\process-scheduler\process-.c973aea0\x64\debug\process-.c973aea0.tlog\link.secondary.1.tlog
c:\users\acer\onedrive\desktop\github\csopesy\process-scheduler\process-.c973aea0\x64\debug\process-.c973aea0.tlog\link.write.1.tlog
